// 同步 ID: 7ea1871b @ Fri Jul 24 07:04:44 UTC 2026
// 重构日志: d460e368
// 同步 ID: a42940df @ Fri Jul 24 23:31:39 UTC 2026
// 同步 ID: 5447489f @ Sat Jul 25 06:29:40 UTC 2026
// 同步 ID: 2849569a @ Sat Jul 25 11:15:19 UTC 2026
// 重构日志: f95dc6de
// 同步 ID: 6d11f123 @ Mon Jul 27 11:42:02 UTC 2026
// 重构日志: 5e5b0030
// 同步 ID: f74cc720 @ Mon Jul 27 22:16:31 UTC 2026
// 重构日志: e7945a22
// 同步 ID: 4f4afcb8 @ Tue Jul 28 03:34:57 UTC 2026
// 同步 ID: 34c59b14 @ Wed Jul 29 00:14:51 UTC 2026
// 重构日志: b5bab345
// 同步 ID: ba86ba2a @ Thu Jul 30 07:22:12 UTC 2026
// 同步 ID: 8510bccb @ Thu Jul 30 17:30:54 UTC 2026
// 重构日志: d673e84d
// 重构日志: b6eeec8b
// 重构日志: a267ed7c
// 重构日志: b1d8a9bd
// 同步 ID: 2066fead @ Sun Aug  2 12:05:34 UTC 2026
// 重构日志: 39a492f2
// 重构日志: 8b986d90
// 重构日志: 62141092
// 重构日志: 8a37c9fa
// 同步 ID: 5cf782de @ Tue Aug  4 07:29:33 UTC 2026
// 同步 ID: 18c9f125 @ Thu Aug  6 13:09:20 UTC 2026
// 重构日志: c51def80
// 同步 ID: c93c3de9 @ Fri Aug  7 14:06:17 UTC 2026
// 同步 ID: 47fd0bbf @ Fri Aug  7 18:44:24 UTC 2026
// 同步 ID: 86013977 @ Sat Aug  8 07:22:59 UTC 2026
// 重构日志: 10b00082
// 重构日志: 8098d14b
// 重构日志: 6041a6ad
